<html>
<body>
<pre>
<h1>礦ision Build Log</h1>
<h2>Tool Versions:</h2>
IDE-Version: μVision V5.14.1
Copyright (C) 2015 ARM Ltd and ARM Germany GmbH. All rights reserved.
License Information: Cortex-M3, 1, LIC=----
 
Tool Versions:
Toolchain:       MDK-Lite  Version: 5.14.0.0
Toolchain Path:  E:\software\mdk5\ARM\ARMCC\Bin
C Compiler:      Armcc.exe V5.05 update 1 (build 106)
Assembler:       Armasm.exe V5.05 update 1 (build 106)
Linker/Locator:  ArmLink.exe V5.05 update 1 (build 106)
Library Manager: ArmAr.exe V5.05 update 1 (build 106)
Hex Converter:   FromElf.exe V5.05 update 1 (build 106)
CPU DLL:         SARMCM3.DLL V5.14.0.0
Dialog DLL:      DCM.DLL V1.13.1.0
Target DLL:      STLink\ST-LINKIII-KEIL_SWO.dll V2.0.14.0_KEIL
Dialog DLL:      TCM.DLL V1.14.4.0
 
<h2>Project:</h2>
E:\embeded\stm32\2，标准例程-HAL库版本\实验0 基础入门实验\1-led\Projects\MDK-ARM\atk_f103.uvprojx
Project File Date:  11/09/2024

<h2>Output:</h2>
*** Using Compiler 'V5.05 update 1 (build 106)', folder: 'E:\software\mdk5\ARM\ARMCC\Bin'
Rebuild target 'Template'
assembling startup_stm32f103xe.s...
compiling main.c...
..\..\Drivers\./BSP/LED/led.h(7): warning:  #1-D: last line of file ends without a newline
   
..\..\Users\main.c: 1 warning, 0 errors
compiling stm32f1xx_it.c...
compiling delay.c...
compiling system_stm32f1xx.c...
compiling led.c...
..\..\Drivers\./BSP/LED/led.h(7): warning:  #1-D: last line of file ends without a newline
   
..\..\Drivers\BSP\LED\led.c: 1 warning, 0 errors
compiling sys.c...
compiling usart.c...
compiling stm32f1xx_hal.c...
compiling stm32f1xx_hal_cortex.c...
compiling stm32f1xx_hal_dma.c...
compiling stm32f1xx_hal_gpio.c...
compiling stm32f1xx_hal_gpio_ex.c...
compiling stm32f1xx_hal_rcc.c...
compiling stm32f1xx_hal_rcc_ex.c...
compiling stm32f1xx_hal_uart.c...
compiling stm32f1xx_hal_usart.c...
linking...
Program Size: Code=5166 RO-data=362 RW-data=28 ZI-data=1900  
FromELF: creating hex file...
"..\..\Output\atk_f103.axf" - 0 Error(s), 2 Warning(s).

<h2>Collection of Component include folders:</h2>
  E:\embeded\stm32\2，标准例程-HAL库版本\实验0 基础入门实验\1-led\Projects\MDK-ARM\RTE
  E:\software\mdk5\PACK\Keil\STM32F1xx_DFP\1.0.5\Device\Include

<h2>Collection of Component Files used:</h2>
</pre>
</body>
</html>
